src/hooks/use-cart.ts(62,25): error TS2769: No overload matches this call.
  Overload 1 of 3, '(callbackfn: (previousValue: DeepPartialObject<CartItem> | undefined, currentValue: DeepPartialObject<CartItem> | undefined, currentIndex: number, array: (DeepPartialObject<...> | undefined)[]) => DeepPartialObject<...> | undefined, initialValue: DeepPartialObject<...> | undefined): DeepPartialObject<...> | undefined', gave the following error.
    Argument of type '(sum: number, item: CartItem) => number' is not assignable to parameter of type '(previousValue: DeepPartialObject<CartItem> | undefined, currentValue: DeepPartialObject<CartItem> | undefined, currentIndex: number, array: (DeepPartialObject<...> | undefined)[]) => DeepPartialObject<...> | undefined'.
      Types of parameters 'sum' and 'previousValue' are incompatible.
        Type 'DeepPartialObject<CartItem> | undefined' is not assignable to type 'number'.
          Type 'undefined' is not assignable to type 'number'.
  Overload 2 of 3, '(callbackfn: (previousValue: number, currentValue: DeepPartialObject<CartItem> | undefined, currentIndex: number, array: (DeepPartialObject<CartItem> | undefined)[]) => number, initialValue: number): number | undefined', gave the following error.
    Argument of type '(sum: number, item: CartItem) => number' is not assignable to parameter of type '(previousValue: number, currentValue: DeepPartialObject<CartItem> | undefined, currentIndex: number, array: (DeepPartialObject<CartItem> | undefined)[]) => number'.
      Types of parameters 'item' and 'currentValue' are incompatible.
        Type 'DeepPartialObject<CartItem> | undefined' is not assignable to type 'CartItem'.
          Type 'undefined' is not assignable to type 'CartItem'.
